// Jest Snapshot v1, https://goo.gl/fbAQLP

exports[`Component: App.vue Has the expected html structure 1`] = `<!---->`;
