// Jest Snapshot v1, https://goo.gl/fbAQLP

exports[`Component: TopBar.vue Has the expected html structure 1`] = `
<div
  class="container-fluid top-bar"
>
  <div
    class="row col-md-9 mx-auto top-bar-inner"
  >
    <div
      class="col-md-6 d-flex align-items-center"
    >
      <h6
        class="text-left text-white"
      >
        VENUE 
        <strong>
          FINDER
        </strong>
      </h6>
    </div>
     
    <div
      class="offset-md-2 col-md-4 mt-3 d-flex align-items-center"
    >
      <div
        class="media"
      >
        <label
          class="mr-2 text-white"
        >
          <i
            class="fa fa-map-marker fa-2x"
          />
        </label>
         
        <div
          class="media-body text-white"
        >
          <h5
            class="text-sm mb-0"
          >
            Location details not available
          </h5>
           
          <p
            class="text-xs current-location mt-0"
          >
            Current location
          </p>
        </div>
      </div>
    </div>
  </div>
</div>
`;
